#-----------------------------------------------------------
# Vivado v2025.1 (64-bit)
# SW Build 6140274 on Thu May 22 00:12:29 MDT 2025
# IP Build 6138677 on Thu May 22 03:10:11 MDT 2025
# SharedData Build 6139179 on Tue May 20 17:58:58 MDT 2025
# Start of session at: Fri Oct 10 16:46:41 2025
# Process ID         : 5800
# Current directory  : C:/Users/cosea/Documents/vivado/Arch_Project/Arch_Project.runs/impl_1
# Command line       : vivado.exe -log fp_alu_top.vdi -applog -product Vivado -messageDb vivado.pb -mode batch -source fp_alu_top.tcl -notrace
# Log file           : C:/Users/cosea/Documents/vivado/Arch_Project/Arch_Project.runs/impl_1/fp_alu_top.vdi
# Journal file       : C:/Users/cosea/Documents/vivado/Arch_Project/Arch_Project.runs/impl_1\vivado.jou
# Running On         : YIUSEPPE
# Platform           : Windows Server 2016 or Windows 10
# Operating System   : 26100
# Processor Detail   : 12th Gen Intel(R) Core(TM) i5-12450HX
# CPU Frequency      : 2688 MHz
# CPU Physical cores : 8
# CPU Logical cores  : 12
# Host memory        : 8283 MB
# Swap memory        : 23834 MB
# Total Virtual      : 32118 MB
# Available Virtual  : 8476 MB
#-----------------------------------------------------------
source fp_alu_top.tcl -notrace
